[2026-09-21 20:43:37] ============================================================
[2026-09-21 20:43:37] Blocco 1 — campione flight_sample_30000.csv: 30,000 righe
[2026-09-21 20:43:37] Classi del target: {'90-150m': 11135, '150-210m': 7524, '<90m': 6346, '210-300m': 3377, '>300m': 1618}
[2026-09-21 20:43:37] FD [(['Origin', 'Dest'], 'Distance')] e 17 colonne ridondanti: 0 violazioni sul campione pulito.
[2026-09-21 20:43:37] RAM disponibile 0.7 GB -> 1 processi paralleli, Random Forest con 16 thread
[2026-09-21 20:43:37] Livelli di rumore: [0.0, 0.05, 0.1, 0.2, 0.3, 0.4] | Repliche: 5
[2026-09-21 20:43:37] Lavori totali 30, gia' completati 0, da eseguire 30
[2026-09-21 20:44:40] LAVORO 1/30  (0, 0)  fine stimata tra 30 min
[2026-09-21 20:45:36] LAVORO 2/30  (0, 1)  fine stimata tra 28 min
[2026-09-21 20:46:33] LAVORO 3/30  (0, 2)  fine stimata tra 26 min
[2026-09-21 20:47:43] LAVORO 4/30  (0, 3)  fine stimata tra 27 min
[2026-09-21 20:48:39] LAVORO 5/30  (0, 4)  fine stimata tra 25 min
[2026-09-21 20:51:24] LAVORO 6/30  (5, 0)  fine stimata tra 31 min
[2026-09-21 20:54:10] LAVORO 7/30  (5, 1)  fine stimata tra 35 min
[2026-09-21 20:56:36] LAVORO 8/30  (5, 2)  fine stimata tra 36 min
[2026-09-21 20:59:09] LAVORO 9/30  (5, 3)  fine stimata tra 36 min
[2026-09-21 21:01:37] LAVORO 10/30  (5, 4)  fine stimata tra 36 min
[2026-09-21 21:04:08] LAVORO 11/30  (10, 0)  fine stimata tra 35 min
[2026-09-21 21:06:42] LAVORO 12/30  (10, 1)  fine stimata tra 35 min
[2026-09-21 21:09:07] LAVORO 13/30  (10, 2)  fine stimata tra 33 min
[2026-09-21 21:11:47] LAVORO 14/30  (10, 3)  fine stimata tra 32 min
[2026-09-21 21:14:30] LAVORO 15/30  (10, 4)  fine stimata tra 31 min
[2026-09-21 21:17:08] LAVORO 16/30  (20, 0)  fine stimata tra 29 min
[2026-09-21 21:19:52] LAVORO 17/30  (20, 1)  fine stimata tra 28 min
[2026-09-21 21:22:29] LAVORO 18/30  (20, 2)  fine stimata tra 26 min
[2026-09-21 21:25:14] LAVORO 19/30  (20, 3)  fine stimata tra 24 min
[2026-09-21 21:28:04] LAVORO 20/30  (20, 4)  fine stimata tra 22 min
[2026-09-21 21:30:37] LAVORO 21/30  (30, 0)  fine stimata tra 20 min
[2026-09-21 21:33:31] LAVORO 22/30  (30, 1)  fine stimata tra 18 min
[2026-09-21 21:53:18] ============================================================
[2026-09-21 21:53:18] Blocco 1 — campione flight_sample_30000.csv: 30,000 righe
[2026-09-21 21:53:18] Classi del target: {'90-150m': 11135, '150-210m': 7524, '<90m': 6346, '210-300m': 3377, '>300m': 1618}
[2026-09-21 21:53:18] FD [(['Origin', 'Dest'], 'Distance')] e 17 colonne ridondanti: 0 violazioni sul campione pulito.
[2026-09-21 21:53:18] RAM disponibile 2.7 GB -> 2 processi paralleli, Random Forest con 8 thread
[2026-09-21 21:53:18] Livelli di rumore: [0.0, 0.05, 0.1, 0.2, 0.3, 0.4] | Repliche: 5
[2026-09-21 21:53:18] Lavori totali 30, gia' completati 22, da eseguire 8
[2026-09-21 21:56:54] LAVORO 1/8  (30, 2)  fine stimata tra 25 min
[2026-09-21 21:57:05] LAVORO 2/8  (30, 3)  fine stimata tra 11 min
[2026-09-21 22:00:08] LAVORO 3/8  (30, 4)  fine stimata tra 11 min
[2026-09-21 22:00:08] LAVORO 4/8  (40, 0)  fine stimata tra 7 min
[2026-09-21 22:03:28] LAVORO 5/8  (40, 2)  fine stimata tra 6 min
[2026-09-21 22:03:39] LAVORO 6/8  (40, 1)  fine stimata tra 3 min
[2026-09-21 22:07:03] LAVORO 7/8  (40, 4)  fine stimata tra 2 min
[2026-09-21 22:07:08] LAVORO 8/8  (40, 3)  fine stimata tra 0 min
[2026-09-21 22:07:08] Baseline (rumore 0%), accuracy sul test pulito: Decision Tree 0.9213, Logistic Regression 0.9233, Neural Network 0.9109, Random Forest 0.9309
[2026-09-21 22:07:08] Sanity check (rumore 0%): max |test_sporco - test_pulito| = 0.000000, quota training sporca = 0.0
[2026-09-21 22:07:08] FINE. Righe nel CSV: 120 (attese 120)
