0. Controllo: training sporcato, test pulito
   rumore  0%: quota media di righe di training sporche = 0.0000
   rumore  5%: quota media di righe di training sporche = 0.0485
   rumore 10%: quota media di righe di training sporche = 0.0981
   rumore 20%: quota media di righe di training sporche = 0.1960
   rumore 30%: quota media di righe di training sporche = 0.2969
   rumore 40%: quota media di righe di training sporche = 0.3971
   rumore 0%: training pulito=True; rumore > 0: training sporco=True; quota crescente col rumore=True; test sporco = test pulito a 0%: True
   righe su cui sono calcolati gli indici (training di ogni fold): [np.int64(6472)]
   deviazione standard del baseline fra repliche: Decision Tree 0.0044, Logistic Regression 0.0022, Neural Network 0.0016, Random Forest 0.0013
   CONTROLLO SUPERATO.

1. Aggregato salvato in 'blocco1_aggregato.csv'.
Modello   Decision Tree  Logistic Regression  Neural Network  Random Forest
Rumore_%                                                                   
0                0.9212               0.9231          0.9107         0.9306
5                0.9176               0.8685          0.9049         0.9287
10               0.9133               0.8301          0.8978         0.9271
20               0.9095               0.7763          0.8870         0.9229
30               0.9009               0.7295          0.8779         0.9157
40               0.8940               0.6896          0.8644         0.9046

   Indici osservati (media sulle repliche, misurati sul training di ogni fold):
          IM_mean  IP_mean  IH_approx_mean  IH_esatto_mean  IM_sd  IP_sd  IH_approx_sd
Rumore_%                                                                              
0             0.0      0.0             0.0             0.0    0.0    0.0           0.0
5            16.1     23.6             9.9             7.5    3.8    4.5           1.8
10           37.5     55.0            22.2            17.6    4.9    6.4           2.7
20           74.8    114.2            49.9            40.4   10.3   12.6           5.0
30          107.4    165.2            74.0            59.8    7.9    9.3           4.1
40          134.6    218.2           102.2            85.7   12.4   16.7           6.4
   IH approssimato / IH esatto: da 1.12 a 1.44 (garanzia teorica: al piu' 2)

2. Scomposizione del danno (media dei 4 modelli), salvata in 'blocco1_scomposizione.csv':
 Rumore_%  F1_test_pulito  F1_test_sporco  Perdita_apprendimento  Perdita_input_corrotto  Perdita_totale_test_sporco  Quota_apprendimento_%
        0          0.9214          0.9214                 0.0000                  0.0000                      0.0000                    NaN
        5          0.9049          0.8710                 0.0165                  0.0339                      0.0504                   32.7
       10          0.8921          0.8272                 0.0293                  0.0649                      0.0942                   31.2
       20          0.8739          0.7505                 0.0475                  0.1234                      0.1709                   27.8
       30          0.8560          0.6783                 0.0654                  0.1777                      0.2431                   26.9
       40          0.8381          0.6115                 0.0833                  0.2266                      0.3099                   26.9

3. Significativita' del degrado (t-test di Welch a due campioni), salvata in 'blocco1_test_degrado.csv':
            Modello  Rumore_%  F1_baseline  F1_baseline_sd  F1_medio  F1_sd   Calo          t      p_value  Significativo
      Decision Tree         5       0.9212          0.0044    0.9176 0.0050 0.0036  -1.215066 2.596749e-01          False
      Decision Tree        10       0.9212          0.0044    0.9133 0.0038 0.0079  -3.067581 1.573733e-02           True
      Decision Tree        20       0.9212          0.0044    0.9095 0.0040 0.0118  -4.440107 2.204488e-03           True
      Decision Tree        30       0.9212          0.0044    0.9009 0.0035 0.0204  -8.136193 4.983819e-05           True
      Decision Tree        40       0.9212          0.0044    0.8940 0.0027 0.0272 -11.812474 9.364086e-06           True
Logistic Regression         5       0.9231          0.0022    0.8685 0.0053 0.0546 -21.253343 2.493793e-06           True
Logistic Regression        10       0.9231          0.0022    0.8301 0.0063 0.0930 -31.310815 7.124506e-07           True
Logistic Regression        20       0.9231          0.0022    0.7763 0.0050 0.1467 -59.826638 7.174964e-09           True
Logistic Regression        30       0.9231          0.0022    0.7295 0.0078 0.1936 -53.554480 1.251732e-07           True
Logistic Regression        40       0.9231          0.0022    0.6896 0.0113 0.2335 -45.200868 6.499580e-07           True
     Neural Network         5       0.9107          0.0016    0.9049 0.0016 0.0058  -5.721023 4.458599e-04           True
     Neural Network        10       0.9107          0.0016    0.8978 0.0020 0.0129 -11.038147 5.807485e-06           True
     Neural Network        20       0.9107          0.0016    0.8870 0.0022 0.0237 -19.410823 1.302536e-07           True
     Neural Network        30       0.9107          0.0016    0.8779 0.0034 0.0328 -19.430837 1.822371e-06           True
     Neural Network        40       0.9107          0.0016    0.8644 0.0034 0.0463 -27.730020 2.212068e-07           True
      Random Forest         5       0.9306          0.0013    0.9287 0.0032 0.0019  -1.249838 2.643148e-01          False
      Random Forest        10       0.9306          0.0013    0.9271 0.0028 0.0035  -2.567781 4.567381e-02           True
      Random Forest        20       0.9306          0.0013    0.9229 0.0021 0.0077  -7.133912 2.449078e-04           True
      Random Forest        30       0.9306          0.0013    0.9157 0.0011 0.0149 -19.824726 5.132533e-08           True
      Random Forest        40       0.9306          0.0013    0.9046 0.0021 0.0260 -23.464221 1.675978e-07           True
   Livelli con calo significativo: 18/20
