[2026-09-14 12:37:28] ============================================================
[2026-09-14 12:37:28] Rilevanza delle FD per DurataBucket — 30,000 righe, rumore 40%, 3 repliche
[2026-09-14 12:37:28] Tutte le FD e le colonne ridondanti usate hanno 0 violazioni sul campione pulito.
[2026-09-14 12:37:28] 
Parte 1 — F1 di un Decision Tree addestrato su una sola colonna (caso puro 0,20)
[2026-09-14 12:37:30] 
                    Colonna  Valori_distinti  F1_da_sola  F1_sd_fold
                   Distance             1237      0.8326      0.0066
              DistanceGroup               11      0.7985      0.0085
                     Origin              255      0.3878      0.0110
            OriginAirportID              255      0.3878      0.0110
                       Dest              256      0.3850      0.0063
              DestAirportID              256      0.3850      0.0063
               DestCityName              251      0.3753      0.0093
             OriginCityName              249      0.3678      0.0119
                OriginState               52      0.3485      0.0082
            OriginStateFips               52      0.3485      0.0082
            OriginStateName               52      0.3485      0.0082
                  OriginWac               52      0.3485      0.0082
              DestStateFips               52      0.3351      0.0126
                  DestState               52      0.3351      0.0126
              DestStateName               52      0.3351      0.0126
                    DestWac               52      0.3351      0.0126
IATA_CODE_Reporting_Airline               14      0.3300      0.0185
          Reporting_Airline               14      0.3300      0.0185
                 CRSDepTime              997      0.2844      0.0034
                 DepTimeBlk               19      0.2441      0.0107
                 DayofMonth               31      0.1918      0.0084
                  DayOfWeek                7      0.1788      0.0134
[2026-09-14 12:37:30] 
Parte 2 — RAM 2.7 GB -> 1 processi, Random Forest con 16 thread
[2026-09-14 12:37:30] Lavori totali 27, gia' completati 0, da eseguire 27
[2026-09-14 13:29:56] ============================================================
[2026-09-14 13:29:56] Rilevanza delle FD per DurataBucket — 30,000 righe, rumore 40%, 3 repliche
[2026-09-14 13:29:56] Tutte le FD e le colonne ridondanti usate hanno 0 violazioni sul campione pulito.
[2026-09-14 13:29:56] 
Parte 1 — F1 di un Decision Tree addestrato su una sola colonna (caso puro 0,20)
[2026-09-14 13:29:58] 
                    Colonna  Valori_distinti  F1_da_sola  F1_sd_fold
                   Distance             1237      0.8326      0.0066
              DistanceGroup               11      0.7985      0.0085
                     Origin              255      0.3878      0.0110
            OriginAirportID              255      0.3878      0.0110
                       Dest              256      0.3850      0.0063
              DestAirportID              256      0.3850      0.0063
               DestCityName              251      0.3753      0.0093
             OriginCityName              249      0.3678      0.0119
                OriginState               52      0.3485      0.0082
            OriginStateFips               52      0.3485      0.0082
            OriginStateName               52      0.3485      0.0082
                  OriginWac               52      0.3485      0.0082
              DestStateFips               52      0.3351      0.0126
                  DestState               52      0.3351      0.0126
              DestStateName               52      0.3351      0.0126
                    DestWac               52      0.3351      0.0126
IATA_CODE_Reporting_Airline               14      0.3300      0.0185
          Reporting_Airline               14      0.3300      0.0185
                 CRSDepTime              997      0.2844      0.0034
                 DepTimeBlk               19      0.2441      0.0107
                 DayofMonth               31      0.1918      0.0084
                  DayOfWeek                7      0.1788      0.0134
[2026-09-14 13:29:58] 
Parte 2 — RAM 4.6 GB -> 2 processi, Random Forest con 8 thread
[2026-09-14 13:29:58] Lavori totali 27, gia' completati 1, da eseguire 26
[2026-09-14 13:54:58] ============================================================
[2026-09-14 13:54:58] Rilevanza delle FD per DurataBucket — 30,000 righe, rumore 40%, 3 repliche
[2026-09-14 13:54:58] Tutte le FD e le colonne ridondanti usate hanno 0 violazioni sul campione pulito.
[2026-09-14 13:54:58] 
Parte 1 — F1 di un Decision Tree addestrato su una sola colonna (caso puro 0,20)
[2026-09-14 13:55:00] 
                    Colonna  Valori_distinti  F1_da_sola  F1_sd_fold
                   Distance             1237      0.8326      0.0066
              DistanceGroup               11      0.7985      0.0085
                     Origin              255      0.3878      0.0110
            OriginAirportID              255      0.3878      0.0110
                       Dest              256      0.3850      0.0063
              DestAirportID              256      0.3850      0.0063
               DestCityName              251      0.3753      0.0093
             OriginCityName              249      0.3678      0.0119
                OriginState               52      0.3485      0.0082
            OriginStateFips               52      0.3485      0.0082
            OriginStateName               52      0.3485      0.0082
                  OriginWac               52      0.3485      0.0082
              DestStateFips               52      0.3351      0.0126
                  DestState               52      0.3351      0.0126
              DestStateName               52      0.3351      0.0126
                    DestWac               52      0.3351      0.0126
IATA_CODE_Reporting_Airline               14      0.3300      0.0185
          Reporting_Airline               14      0.3300      0.0185
                 CRSDepTime              997      0.2844      0.0034
                 DepTimeBlk               19      0.2441      0.0107
                 DayofMonth               31      0.1918      0.0084
                  DayOfWeek                7      0.1788      0.0134
[2026-09-14 13:55:00] 
Parte 2 — RAM 1.7 GB -> 2 processi, Random Forest con 8 thread
[2026-09-14 13:55:00] Lavori totali 27, gia' completati 2, da eseguire 25
[2026-09-14 13:56:33] LAVORO 1/25  ('FD Distance -> DistanceGroup', 0)  fine stimata tra 37 min
[2026-09-14 13:57:38] LAVORO 2/25  ('FD Origin+Dest -> Distance', 1)  fine stimata tra 30 min
[2026-09-14 13:57:59] LAVORO 3/25  ('FD Distance -> DistanceGroup', 1)  fine stimata tra 22 min
[2026-09-14 13:59:07] LAVORO 4/25  ('FD Distance -> DistanceGroup', 2)  fine stimata tra 22 min
[2026-09-14 13:59:13] LAVORO 5/25  ('FD CRSDepTime -> DepTimeBlk', 0)  fine stimata tra 17 min
[2026-09-14 14:00:31] LAVORO 6/25  ('FD CRSDepTime -> DepTimeBlk', 1)  fine stimata tra 17 min
[2026-09-14 14:00:31] LAVORO 7/25  ('FD CRSDepTime -> DepTimeBlk', 2)  fine stimata tra 14 min
[2026-09-14 14:01:36] LAVORO 8/25  ('FD Reporting_Airline -> IATA_CODE', 0)  fine stimata tra 14 min
[2026-09-14 14:01:38] LAVORO 9/25  ('FD Reporting_Airline -> IATA_CODE', 1)  fine stimata tra 12 min
[2026-09-14 14:02:39] LAVORO 10/25  ('FD Reporting_Airline -> IATA_CODE', 2)  fine stimata tra 11 min
[2026-09-14 14:02:41] LAVORO 11/25  ('FD OriginAirportID -> OriginState', 0)  fine stimata tra 10 min
[2026-09-14 14:03:39] LAVORO 12/25  ('FD OriginAirportID -> OriginState', 2)  fine stimata tra 9 min
[2026-09-14 14:03:42] LAVORO 13/25  ('FD OriginAirportID -> OriginState', 1)  fine stimata tra 8 min
[2026-09-14 14:04:37] LAVORO 14/25  ('FD DestAirportID -> DestState', 0)  fine stimata tra 8 min
[2026-09-14 14:04:46] LAVORO 15/25  ('FD DestAirportID -> DestState', 1)  fine stimata tra 7 min
[2026-09-14 14:05:28] LAVORO 16/25  ('FD DestAirportID -> DestState', 2)  fine stimata tra 6 min
[2026-09-14 14:07:14] LAVORO 17/25  ('Concetto aeroporto di origine', 0)  fine stimata tra 6 min
[2026-09-14 14:07:58] LAVORO 18/25  ('Concetto aeroporto di origine', 1)  fine stimata tra 5 min
[2026-09-14 14:09:36] LAVORO 19/25  ('Concetto aeroporto di origine', 2)  fine stimata tra 5 min
[2026-09-14 14:10:23] LAVORO 20/25  ('Concetto aeroporto di destinazione', 0)  fine stimata tra 4 min
[2026-09-14 14:12:15] LAVORO 21/25  ('Concetto aeroporto di destinazione', 1)  fine stimata tra 3 min
[2026-09-14 14:12:42] LAVORO 22/25  ('Concetto aeroporto di destinazione', 2)  fine stimata tra 2 min
[2026-09-14 14:15:17] LAVORO 23/25  ('Concetto rotta e distanza', 0)  fine stimata tra 2 min
[2026-09-14 14:15:54] LAVORO 24/25  ('Concetto rotta e distanza', 1)  fine stimata tra 1 min
[2026-09-14 14:18:18] LAVORO 25/25  ('Concetto rotta e distanza', 2)  fine stimata tra 0 min
[2026-09-14 14:18:18] 
Quota di righe di training sporcate: Concetto aeroporto di destinazione 0.398, Concetto aeroporto di origine 0.398, Concetto distanza 0.398, Concetto rotta e distanza 0.398, FD CRSDepTime -> DepTimeBlk 0.398, FD DestAirportID -> DestState 0.398, FD Distance -> DistanceGroup 0.398, FD Origin+Dest -> Distance 0.398, FD OriginAirportID -> OriginState 0.398, FD Reporting_Airline -> IATA_CODE 0.398
[2026-09-14 14:18:18] 
Calo di F1 sul test pulito al 40% (media 4 modelli)
[2026-09-14 14:18:18] 
                    Configurazione  Colonne_sporcate  F1_test_pulito  Calo_F1_medio  Calo_F1_min  Calo_F1_max  Modelli_significativi
         Concetto rotta e distanza                16          0.8397         0.0836       0.0246       0.2310                      4
                 Concetto distanza                 2          0.8448         0.0785       0.0192       0.2373                      4
      FD Distance -> DistanceGroup                 2          0.8448         0.0785       0.0192       0.2373                      4
        FD Origin+Dest -> Distance                 3          0.9036         0.0198       0.0125       0.0298                      4
     Concetto aeroporto di origine                 7          0.9103         0.0130       0.0103       0.0155                      4
Concetto aeroporto di destinazione                 7          0.9124         0.0109       0.0072       0.0141                      4
 FD Reporting_Airline -> IATA_CODE                 2          0.9212         0.0022       0.0009       0.0035                      1
     FD DestAirportID -> DestState                 2          0.9216         0.0017      -0.0007       0.0031                      0
 FD OriginAirportID -> OriginState                 2          0.9220         0.0013      -0.0003       0.0036                      1
       FD CRSDepTime -> DepTimeBlk                 2          0.9225         0.0008      -0.0026       0.0029                      1
[2026-09-14 14:18:18] 
Per modello
[2026-09-14 14:18:18] 
Modello                             Decision Tree  Logistic Regression  Neural Network  Random Forest
Configurazione                                                                                       
Concetto aeroporto di destinazione         0.0072               0.0103          0.0141         0.0120
Concetto aeroporto di origine              0.0103               0.0118          0.0155         0.0146
Concetto distanza                          0.0364               0.2373          0.0212         0.0192
Concetto rotta e distanza                  0.0246               0.2310          0.0501         0.0289
FD CRSDepTime -> DepTimeBlk                0.0012              -0.0026          0.0018         0.0029
FD DestAirportID -> DestState             -0.0007               0.0013          0.0031         0.0031
FD Distance -> DistanceGroup               0.0364               0.2373          0.0212         0.0192
FD Origin+Dest -> Distance                 0.0125               0.0298          0.0206         0.0161
FD OriginAirportID -> OriginState         -0.0003               0.0006          0.0012         0.0036
FD Reporting_Airline -> IATA_CODE          0.0035               0.0009          0.0016         0.0027
[2026-09-21 22:07:17] ============================================================
[2026-09-21 22:07:17] Rilevanza delle FD per DurataBucket — 30,000 righe, rumore 40%, 3 repliche
[2026-09-21 22:07:18] Tutte le FD e le colonne ridondanti usate hanno 0 violazioni sul campione pulito.
[2026-09-21 22:07:18] 
Parte 1 — F1 di un Decision Tree addestrato su una sola colonna (caso puro 0,20)
[2026-09-21 22:07:19] 
                    Colonna  Valori_distinti  F1_da_sola  F1_sd_fold
                   Distance             1237      0.8326      0.0066
              DistanceGroup               11      0.7985      0.0085
                     Origin              255      0.3878      0.0110
            OriginAirportID              255      0.3878      0.0110
                       Dest              256      0.3850      0.0063
              DestAirportID              256      0.3850      0.0063
               DestCityName              251      0.3753      0.0093
             OriginCityName              249      0.3678      0.0119
                OriginState               52      0.3485      0.0082
            OriginStateFips               52      0.3485      0.0082
            OriginStateName               52      0.3485      0.0082
                  OriginWac               52      0.3485      0.0082
              DestStateFips               52      0.3351      0.0126
                  DestState               52      0.3351      0.0126
              DestStateName               52      0.3351      0.0126
                    DestWac               52      0.3351      0.0126
IATA_CODE_Reporting_Airline               14      0.3300      0.0185
          Reporting_Airline               14      0.3300      0.0185
                 CRSDepTime              997      0.2844      0.0034
                 DepTimeBlk               19      0.2441      0.0107
                 DayofMonth               31      0.1918      0.0084
                  DayOfWeek                7      0.1788      0.0134
[2026-09-21 22:07:19] 
Parte 2 — RAM 1.9 GB -> 1 processi, Random Forest con 16 thread
[2026-09-21 22:07:19] Lavori totali 27, gia' completati 0, da eseguire 27
[2026-09-21 22:09:14] LAVORO 1/27  ('FD Origin+Dest -> Distance', 0)  fine stimata tra 50 min
[2026-09-21 22:11:05] LAVORO 2/27  ('FD Origin+Dest -> Distance', 1)  fine stimata tra 47 min
[2026-09-21 22:12:49] LAVORO 3/27  ('FD Origin+Dest -> Distance', 2)  fine stimata tra 44 min
[2026-09-21 22:13:47] LAVORO 4/27  ('FD Distance -> DistanceGroup', 0)  fine stimata tra 37 min
[2026-09-21 22:14:36] LAVORO 5/27  ('FD Distance -> DistanceGroup', 1)  fine stimata tra 32 min
[2026-09-21 22:15:25] LAVORO 6/27  ('FD Distance -> DistanceGroup', 2)  fine stimata tra 28 min
[2026-09-21 22:16:18] LAVORO 7/27  ('FD CRSDepTime -> DepTimeBlk', 0)  fine stimata tra 26 min
[2026-09-21 22:17:11] LAVORO 8/27  ('FD CRSDepTime -> DepTimeBlk', 1)  fine stimata tra 23 min
[2026-09-21 22:18:01] LAVORO 9/27  ('FD CRSDepTime -> DepTimeBlk', 2)  fine stimata tra 21 min
[2026-09-21 22:18:40] LAVORO 10/27  ('FD Reporting_Airline -> IATA_CODE', 0)  fine stimata tra 19 min
[2026-09-21 22:19:24] LAVORO 11/27  ('FD Reporting_Airline -> IATA_CODE', 1)  fine stimata tra 18 min
[2026-09-21 22:20:04] LAVORO 12/27  ('FD Reporting_Airline -> IATA_CODE', 2)  fine stimata tra 16 min
[2026-09-21 22:20:44] LAVORO 13/27  ('FD OriginAirportID -> OriginState', 0)  fine stimata tra 14 min
[2026-09-21 22:21:25] LAVORO 14/27  ('FD OriginAirportID -> OriginState', 1)  fine stimata tra 13 min
[2026-09-21 22:22:04] LAVORO 15/27  ('FD OriginAirportID -> OriginState', 2)  fine stimata tra 12 min
[2026-09-21 22:22:42] LAVORO 16/27  ('FD DestAirportID -> DestState', 0)  fine stimata tra 11 min
[2026-09-21 22:23:27] LAVORO 17/27  ('FD DestAirportID -> DestState', 1)  fine stimata tra 9 min
[2026-09-21 22:24:05] LAVORO 18/27  ('FD DestAirportID -> DestState', 2)  fine stimata tra 8 min
[2026-09-21 22:25:59] LAVORO 19/27  ('Concetto aeroporto di origine', 0)  fine stimata tra 8 min
[2026-09-21 22:28:06] LAVORO 20/27  ('Concetto aeroporto di origine', 1)  fine stimata tra 7 min
[2026-09-21 22:30:04] LAVORO 21/27  ('Concetto aeroporto di origine', 2)  fine stimata tra 7 min
[2026-09-21 22:41:37] ============================================================
[2026-09-21 22:41:37] Rilevanza delle FD per DurataBucket — 30,000 righe, rumore 40%, 3 repliche
[2026-09-21 22:41:37] Tutte le FD e le colonne ridondanti usate hanno 0 violazioni sul campione pulito.
[2026-09-21 22:41:37] 
Parte 1 — F1 di un Decision Tree addestrato su una sola colonna (caso puro 0,20)
[2026-09-21 22:41:39] 
                    Colonna  Valori_distinti  F1_da_sola  F1_sd_fold
                   Distance             1237      0.8326      0.0066
              DistanceGroup               11      0.7985      0.0085
                     Origin              255      0.3878      0.0110
            OriginAirportID              255      0.3878      0.0110
                       Dest              256      0.3850      0.0063
              DestAirportID              256      0.3850      0.0063
               DestCityName              251      0.3753      0.0093
             OriginCityName              249      0.3678      0.0119
                OriginState               52      0.3485      0.0082
            OriginStateFips               52      0.3485      0.0082
            OriginStateName               52      0.3485      0.0082
                  OriginWac               52      0.3485      0.0082
              DestStateFips               52      0.3351      0.0126
                  DestState               52      0.3351      0.0126
              DestStateName               52      0.3351      0.0126
                    DestWac               52      0.3351      0.0126
IATA_CODE_Reporting_Airline               14      0.3300      0.0185
          Reporting_Airline               14      0.3300      0.0185
                 CRSDepTime              997      0.2844      0.0034
                 DepTimeBlk               19      0.2441      0.0107
                 DayofMonth               31      0.1918      0.0084
                  DayOfWeek                7      0.1788      0.0134
[2026-09-21 22:41:39] 
Parte 2 — RAM 4.8 GB -> 3 processi, Random Forest con 5 thread
[2026-09-21 22:41:39] Lavori totali 27, gia' completati 21, da eseguire 6
[2026-09-21 22:44:35] LAVORO 1/6  ('Concetto aeroporto di destinazione', 2)  fine stimata tra 15 min
[2026-09-21 22:44:37] LAVORO 2/6  ('Concetto aeroporto di destinazione', 0)  fine stimata tra 6 min
[2026-09-21 22:44:39] LAVORO 3/6  ('Concetto aeroporto di destinazione', 1)  fine stimata tra 3 min
[2026-09-21 22:47:50] LAVORO 4/6  ('Concetto rotta e distanza', 2)  fine stimata tra 3 min
[2026-09-21 22:47:52] LAVORO 5/6  ('Concetto rotta e distanza', 0)  fine stimata tra 1 min
[2026-09-21 22:48:02] LAVORO 6/6  ('Concetto rotta e distanza', 1)  fine stimata tra 0 min
[2026-09-21 22:48:02] 
Quota di righe di training sporcate: Concetto aeroporto di destinazione 0.397, Concetto aeroporto di origine 0.397, Concetto distanza 0.397, Concetto rotta e distanza 0.397, FD CRSDepTime -> DepTimeBlk 0.397, FD DestAirportID -> DestState 0.397, FD Distance -> DistanceGroup 0.397, FD Origin+Dest -> Distance 0.397, FD OriginAirportID -> OriginState 0.397, FD Reporting_Airline -> IATA_CODE 0.397
[2026-09-21 22:48:02] 
Calo di F1 sul test pulito al 40% (media 4 modelli)
[2026-09-21 22:48:02] 
                    Configurazione  Colonne_sporcate  F1_test_pulito  Calo_F1_medio  Calo_F1_min  Calo_F1_max  Modelli_significativi
         Concetto rotta e distanza                16          0.8381         0.0832       0.0248       0.2360                      4
                 Concetto distanza                 2          0.8417         0.0798       0.0157       0.2446                      4
      FD Distance -> DistanceGroup                 2          0.8417         0.0798       0.0157       0.2446                      4
        FD Origin+Dest -> Distance                 3          0.9016         0.0199       0.0126       0.0317                      4
     Concetto aeroporto di origine                 7          0.9095         0.0119       0.0089       0.0167                      3
Concetto aeroporto di destinazione                 7          0.9102         0.0112       0.0072       0.0155                      4
 FD Reporting_Airline -> IATA_CODE                 2          0.9186         0.0028       0.0014       0.0051                      0
       FD CRSDepTime -> DepTimeBlk                 2          0.9201         0.0013       0.0001       0.0022                      0
     FD DestAirportID -> DestState                 2          0.9206         0.0008      -0.0008       0.0020                      0
 FD OriginAirportID -> OriginState                 2          0.9216        -0.0002      -0.0014       0.0012                      0
[2026-09-21 22:48:02] 
Per modello
[2026-09-21 22:48:02] 
Modello                             Decision Tree  Logistic Regression  Neural Network  Random Forest
Configurazione                                                                                       
Concetto aeroporto di destinazione         0.0072               0.0120          0.0155         0.0101
Concetto aeroporto di origine              0.0089               0.0114          0.0167         0.0107
Concetto distanza                          0.0391               0.2446          0.0196         0.0157
Concetto rotta e distanza                  0.0254               0.2360          0.0468         0.0248
FD CRSDepTime -> DepTimeBlk                0.0019               0.0011          0.0001         0.0022
FD DestAirportID -> DestState              0.0004               0.0018         -0.0008         0.0020
FD Distance -> DistanceGroup               0.0391               0.2446          0.0196         0.0157
FD Origin+Dest -> Distance                 0.0137               0.0317          0.0215         0.0126
FD OriginAirportID -> OriginState         -0.0014               0.0012         -0.0005        -0.0002
FD Reporting_Airline -> IATA_CODE          0.0051               0.0014          0.0027         0.0022
