0. Controllo: training sporcato, test pulito
   quota media di righe di training sporche (misurata):
   N_FD          1       5       10
   Rumore_%                        
   0         0.0000  0.0000  0.0000
   5         0.0495  0.2276  0.4026
   10        0.0977  0.4074  0.6483
   20        0.1977  0.6726  0.8932
   30        0.2982  0.8328  0.9716
   40        0.3976  0.9226  0.9943
   rumore 0%: training pulito=True, test sporco = test pulito: True
   rumore > 0: training sporco=True; quota crescente col rumore=True e col numero di FD=True
   scarto massimo dalla quota attesa 1-(1-p)^N: 0.0030 (tolleranza 0.01)
   CONTROLLO SUPERATO.

1. Aggregato salvato in 'blocco2_aggregato.csv'. F1 sul test pulito, media dei 4 modelli:
N_FD          1       5       10
Rumore_%                        
0         0.9233  0.9233  0.9233
5         0.9169  0.9151  0.9129
10        0.9141  0.9104  0.9071
20        0.9109  0.9039  0.8961
30        0.9070  0.8966  0.8848
40        0.9034  0.8900  0.8724

2. Scomposizione del danno per N_FD, salvata in 'blocco2_scomposizione.csv':
 N_FD  Rumore_%  Quota_train_sporca  F1_test_pulito  F1_test_sporco  Perdita_apprendimento  Perdita_input_corrotto  Perdita_totale_test_sporco  Quota_apprendimento_%
    1         0              0.0000          0.9233          0.9233                 0.0000                  0.0000                      0.0000                    NaN
    1         5              0.0495          0.9169          0.9096                 0.0064                  0.0074                      0.0137                   46.4
    1        10              0.0977          0.9141          0.9026                 0.0092                  0.0115                      0.0207                   44.6
    1        20              0.1977          0.9109          0.8953                 0.0124                  0.0156                      0.0280                   44.2
    1        30              0.2982          0.9070          0.8900                 0.0163                  0.0170                      0.0333                   48.9
    1        40              0.3976          0.9034          0.8855                 0.0199                  0.0179                      0.0378                   52.6
    5         0              0.0000          0.9233          0.9233                 0.0000                  0.0000                      0.0000                    NaN
    5         5              0.2276          0.9151          0.9051                 0.0082                  0.0100                      0.0183                   45.0
    5        10              0.4074          0.9104          0.8940                 0.0129                  0.0164                      0.0293                   43.9
    5        20              0.6726          0.9039          0.8778                 0.0194                  0.0261                      0.0455                   42.7
    5        30              0.8328          0.8966          0.8641                 0.0267                  0.0324                      0.0592                   45.2
    5        40              0.9226          0.8900          0.8548                 0.0333                  0.0353                      0.0685                   48.6
   10         0              0.0000          0.9233          0.9233                 0.0000                  0.0000                      0.0000                    NaN
   10         5              0.4026          0.9129          0.8990                 0.0104                  0.0139                      0.0243                   42.9
   10        10              0.6483          0.9071          0.8827                 0.0163                  0.0244                      0.0407                   40.0
   10        20              0.8932          0.8961          0.8573                 0.0272                  0.0388                      0.0660                   41.2
   10        30              0.9716          0.8848          0.8389                 0.0385                  0.0459                      0.0844                   45.6
   10        40              0.9943          0.8724          0.8231                 0.0510                  0.0492                      0.1002                   50.9

3. Correlazioni salvate in 'blocco2_correlazioni.csv'. Spearman IM/IH vs F1 sul test pulito:
Metrica_Inconsistenza                                     IH     IM
N_FD Regime                       Modello                          
1    tutti i livelli              Decision Tree       -0.895 -0.895
                                  Logistic Regression -0.972 -0.967
                                  Neural Network      -0.955 -0.952
                                  Random Forest       -0.973 -0.973
5    tutti i livelli              Decision Tree       -0.926 -0.925
                                  Logistic Regression -0.964 -0.961
                                  Neural Network      -0.974 -0.981
                                  Random Forest       -0.976 -0.966
10   dal picco di IM (20%) in poi Decision Tree       -0.869  0.868
                                  Logistic Regression -0.865  0.861
                                  Neural Network      -0.885  0.871
                                  Random Forest       -0.899  0.846
     tutti i livelli              Decision Tree       -0.937 -0.581
                                  Logistic Regression -0.972 -0.615
                                  Neural Network      -0.974 -0.606
                                  Random Forest       -0.972 -0.608

4. Significativita' del degrado, salvata in 'blocco2_test_degrado.csv':
      significativi  confronti
N_FD                          
1                19         20
5                19         20
10               19         20

5. Configurazioni a parita' di livello (t-test appaiato), salvato in 'blocco2_test_configurazioni.csv':
            significativi  confronti  delta_medio
Confronto                                        
1 -> 5 FD              13         20      -0.0073
5 -> 10 FD             15         20      -0.0086

6. Configurazioni a parita' di righe sporche, salvato in 'blocco2_quota_normalizzata.csv' e 'blocco2_quota_punti_confrontabili.csv':
            Modello                                 Intervallo  N_punti     R2  Coef_N_FD  t_N_FD       p_N_FD  Significativo
      Decision Tree                              tutti i punti       80 0.7727   0.000702   4.218 6.739242e-05           True
      Decision Tree quota <= 0.41 (comune alle configurazioni)       45 0.7868   0.001237  10.033 1.331279e-12           True
Logistic Regression                              tutti i punti       80 0.8003   0.000503   1.928 5.758108e-02          False
Logistic Regression quota <= 0.41 (comune alle configurazioni)       45 0.8075   0.000982   4.204 1.386152e-04           True
     Neural Network                              tutti i punti       80 0.8835   0.000616   1.831 7.106871e-02          False
     Neural Network quota <= 0.41 (comune alle configurazioni)       45 0.8877   0.001290   8.813 5.215733e-11           True
      Random Forest                              tutti i punti       80 0.8343   0.000623   2.863 5.416193e-03           True
      Random Forest quota <= 0.41 (comune alle configurazioni)       45 0.8731   0.000929   8.880 4.253956e-11           True
   punti a quota confrontabile:
 Meno_FD  Rumore_meno_FD_%  Quota_meno_FD  F1_meno_FD  Piu_FD  Rumore_piu_FD_%  Quota_piu_FD  F1_piu_FD  Delta_quota  Delta_F1_piu_meno Modelli_con_piu_FD_migliore
       1                20         0.1977      0.9109       5                5        0.2276     0.9151       0.0299             0.0042                         4/4
       1                40         0.3976      0.9034       5               10        0.4074     0.9104       0.0099             0.0070                         4/4
       1                40         0.3976      0.9034      10                5        0.4026     0.9129       0.0050             0.0095                         4/4
       5                10         0.4074      0.9104      10                5        0.4026     0.9129      -0.0049             0.0024                         4/4
       5                20         0.6726      0.9039      10               10        0.6483     0.9071      -0.0243             0.0032                         3/4
       5                40         0.9226      0.8900      10               20        0.8932     0.8961      -0.0294             0.0061                         4/4

7. Meccanismo della saturazione di IM (rigenerazione dei training sporcati):
   meccanismo: 1 FD, rumore 0% misurato
   meccanismo: 1 FD, rumore 5% misurato
   meccanismo: 1 FD, rumore 10% misurato
   meccanismo: 1 FD, rumore 20% misurato
   meccanismo: 1 FD, rumore 30% misurato
   meccanismo: 1 FD, rumore 40% misurato
   meccanismo: 10 FD, rumore 0% misurato
   meccanismo: 10 FD, rumore 5% misurato
   meccanismo: 10 FD, rumore 10% misurato
   meccanismo: 10 FD, rumore 20% misurato
   meccanismo: 10 FD, rumore 30% misurato
   meccanismo: 10 FD, rumore 40% misurato
   verifica di fedelta' (1 FD, replica 0): conflitti rigenerati = IM del CSV a ogni livello: True
   salvato in 'blocco2_meccanismo_im.csv'. Con 10 FD, per FD e livello:
Rumore_%                                  0          5          10         20         30         40
FD_n FD                                                                                            
1    Origin+Dest -> Distance             0.0     4889.0     7480.0     9354.0     9014.0     7426.0
2    OriginAirportID -> OriginCityName   0.0   559885.0   907282.0  1225210.0  1339834.0  1372622.0
3    DestAirportID -> DestCityName       0.0   485198.0   787154.0  1187327.0  1325405.0  1391952.0
4    OriginAirportID -> OriginState      0.0   542607.0   881762.0  1192972.0  1308170.0  1342515.0
5    DestAirportID -> DestState          0.0   469955.0   758746.0  1157576.0  1295886.0  1361324.0
6    OriginAirportID -> Origin           0.0  1056488.0  1490726.0  1559568.0  1472606.0  1409886.0
7    DestAirportID -> Dest               0.0  1052189.0  1490797.0  1698730.0  1577838.0  1487731.0
8    OriginAirportID -> OriginWac        0.0   542887.0   878301.0  1194815.0  1306368.0  1343511.0
9    DestAirportID -> DestWac            0.0   471018.0   758476.0  1154011.0  1293968.0  1361378.0
10   OriginAirportID -> OriginStateName  0.0   545573.0   881073.0  1192799.0  1306120.0  1342642.0
   dimensione massima dei gruppi del lato sinistro:
Rumore_%                                     0       5      10     20     30     40
FD_n FD                                                                            
1    Origin+Dest -> Distance               66.0    53.0   45.0   38.0   25.0   18.0
2    OriginAirportID -> OriginCityName   1419.0  1125.0  885.0  511.0  303.0  199.0
3    DestAirportID -> DestCityName       1398.0  1168.0  955.0  627.0  447.0  265.0
4    OriginAirportID -> OriginState      1419.0  1125.0  885.0  511.0  303.0  199.0
5    DestAirportID -> DestState          1398.0  1168.0  955.0  627.0  447.0  265.0
6    OriginAirportID -> Origin           1419.0  1125.0  885.0  511.0  303.0  199.0
7    DestAirportID -> Dest               1398.0  1168.0  955.0  627.0  447.0  265.0
8    OriginAirportID -> OriginWac        1419.0  1125.0  885.0  511.0  303.0  199.0
9    DestAirportID -> DestWac            1398.0  1168.0  955.0  627.0  447.0  265.0
10   OriginAirportID -> OriginStateName  1419.0  1125.0  885.0  511.0  303.0  199.0
