[2026-09-14 23:28:47] ============================================================
[2026-09-14 23:28:47] Selezione dell'obiettivo — 30,000 righe; fasce di AirTime: [58, 86, 120, 164]
[2026-09-14 23:28:47] Classi di AirTimeBucket: {'<=58m': 5887, '59-86m': 5831, '87-120m': 5736, '121-164m': 5808, '>164m': 5800}
[2026-09-14 23:28:47] 
Parte 1 — F1 di un Decision Tree addestrato su una sola colonna, per obiettivo candidato
[2026-09-14 23:28:51] 
                            Obiettivo  Classi  Righe  Caso_puro  Distance  DistanceGroup  Origin  Dest  OriginState  Reporting_Airline  DepTimeBlk  DayOfWeek  CRSDepTime
          AirTime (5 fasce, quintili)       5   7500       0.20     0.779          0.689   0.343 0.340        0.312              0.293       0.217      0.188       0.243
  Compagnia aerea (Reporting_Airline)      14   5208       0.07     0.371          0.115   0.395 0.398        0.297                NaN       0.072      0.041       0.129
Ritardo in arrivo > 15 min (ArrDel15)       2   3000       0.50     0.522          0.489   0.540 0.549        0.547              0.496       0.541      0.546       0.508
          Taxi-out (3 fasce, terzili)       3   4500       0.33     0.388          0.313   0.460 0.385        0.412              0.446       0.350      0.329       0.356
 Fascia oraria di arrivo (ArrTimeBlk)      19   6156       0.05     0.093          0.053   0.087 0.089        0.073              0.036       0.320      0.023       0.365
          Volo cancellato (Cancelled)       2   1734       0.50     0.538          0.531   0.594 0.625        0.621              0.564       0.515      0.543       0.486
[2026-09-14 23:28:54] 
Colonne per AirTimeBucket (dopo blacklist e bilanciamento):
          Colonna  Valori_distinti  F1_da_sola
         Distance             1402      0.7932
    DistanceGroup               11      0.6926
             Dest              315      0.3584
    DestAirportID              315      0.3584
     DestCityName              309      0.3544
           Origin              322      0.3478
  OriginAirportID              322      0.3478
   OriginCityName              316      0.3429
        DestState               52      0.3150
          DestWac               52      0.3150
      OriginState               52      0.3067
        OriginWac               52      0.3067
Reporting_Airline               14      0.2794
       CRSDepTime             1131      0.2631
       DepTimeBlk               19      0.2265
         DepDelay              402      0.2044
       DayofMonth               31      0.2039
        DayOfWeek                7      0.1898
[2026-09-14 23:28:54] 
Tutte le FD e le colonne ridondanti usate hanno 0 violazioni sul campione pulito.
[2026-09-14 23:28:54] 
Parte 2 — RAM 3.3 GB -> 2 processi, Random Forest con 8 thread
[2026-09-14 23:28:54] Lavori totali 19, gia' completati 0, da eseguire 19
[2026-09-14 23:42:42] LAVORO 1/19  ('FD Distance -> DistanceGroup', 0)  fine stimata tra 249 min
[2026-09-14 23:44:23] LAVORO 2/19  ('Nessun rumore (baseline)', 0)  fine stimata tra 132 min
[2026-09-14 23:56:58] LAVORO 3/19  ('FD Distance -> DistanceGroup', 1)  fine stimata tra 150 min
[2026-09-14 23:58:52] LAVORO 4/19  ('FD Distance -> DistanceGroup', 2)  fine stimata tra 112 min
[2026-09-15 00:08:36] LAVORO 5/19  ('FD Origin+Dest -> Distance', 0)  fine stimata tra 111 min
[2026-09-15 00:10:29] LAVORO 6/19  ('FD Origin+Dest -> Distance', 1)  fine stimata tra 90 min
[2026-09-15 00:20:45] LAVORO 7/19  ('FD Origin+Dest -> Distance', 2)  fine stimata tra 89 min
[2026-09-15 00:21:59] LAVORO 8/19  ('Concetto aeroporto di origine', 0)  fine stimata tra 73 min
[2026-09-15 00:31:52] LAVORO 9/19  ('Concetto aeroporto di origine', 1)  fine stimata tra 70 min
[2026-09-15 00:32:55] LAVORO 10/19  ('Concetto aeroporto di origine', 2)  fine stimata tra 58 min
[2026-09-15 00:43:23] LAVORO 11/19  ('FD Reporting_Airline -> IATA_CODE', 0)  fine stimata tra 54 min
[2026-09-15 00:44:36] LAVORO 12/19  ('FD Reporting_Airline -> IATA_CODE', 1)  fine stimata tra 44 min
[2026-09-15 00:55:29] LAVORO 13/19  ('FD Reporting_Airline -> IATA_CODE', 2)  fine stimata tra 40 min
[2026-09-15 00:58:09] LAVORO 14/19  ('FD CRSDepTime -> DepTimeBlk', 0)  fine stimata tra 32 min
[2026-09-15 01:08:03] LAVORO 15/19  ('FD CRSDepTime -> DepTimeBlk', 1)  fine stimata tra 26 min
[2026-09-15 01:11:33] LAVORO 16/19  ('FD CRSDepTime -> DepTimeBlk', 2)  fine stimata tra 19 min
[2026-09-15 01:19:37] LAVORO 17/19  ('Concetto distanza e rotta (esperimento)', 0)  fine stimata tra 13 min
[2026-09-15 01:22:10] LAVORO 18/19  ('Concetto distanza e rotta (esperimento)', 1)  fine stimata tra 6 min
[2026-09-15 01:29:36] LAVORO 19/19  ('Concetto distanza e rotta (esperimento)', 2)  fine stimata tra 0 min
[2026-09-15 01:29:37] 
Quota di righe di training sporcate: Concetto aeroporto di origine 0.401, Concetto distanza e rotta (esperimento) 0.401, FD CRSDepTime -> DepTimeBlk 0.401, FD Distance -> DistanceGroup 0.401, FD Origin+Dest -> Distance 0.401, FD Reporting_Airline -> IATA_CODE 0.401, Nessun rumore (baseline) 0.000
[2026-09-15 01:29:37] 
Baseline (rumore 0%): Logistic Regression 0.8714, Random Forest 0.8662, Decision Tree 0.8419, Neural Network 0.8351
[2026-09-15 01:29:37] 
Calo di F1 sul test pulito al 40% (media 4 modelli)
                         Configurazione  Colonne_sporcate  Calo_F1_medio  Calo_F1_min  Calo_F1_max  Modelli_significativi
Concetto distanza e rotta (esperimento)                20         0.0792       0.0116       0.2725                      4
           FD Distance -> DistanceGroup                 2         0.0754       0.0061       0.2750                      4
             FD Origin+Dest -> Distance                 3         0.0168       0.0040       0.0518                      3
          Concetto aeroporto di origine                 7         0.0074       0.0034       0.0141                      3
      FD Reporting_Airline -> IATA_CODE                 2        -0.0018      -0.0039       0.0005                      2
            FD CRSDepTime -> DepTimeBlk                 2        -0.0022      -0.0037      -0.0007                      3
[2026-09-15 01:29:37] 
Per modello
Modello                                  Decision Tree  Logistic Regression  Neural Network  Random Forest
Configurazione                                                                                            
Concetto aeroporto di origine                   0.0034               0.0141          0.0055         0.0068
Concetto distanza e rotta (esperimento)         0.0116               0.2725          0.0200         0.0125
FD CRSDepTime -> DepTimeBlk                    -0.0021              -0.0007         -0.0037        -0.0021
FD Distance -> DistanceGroup                    0.0138               0.2750          0.0066         0.0061
FD Origin+Dest -> Distance                      0.0040               0.0518          0.0064         0.0051
FD Reporting_Airline -> IATA_CODE              -0.0025               0.0005         -0.0039        -0.0011
